; Symbol file

; BIOS Symbols
bios_vector:          equ 0xf000
warm_boot_vector:     equ 0xf003
qxfunc:               equ 0xf05a
iobyte:               equ 0xf064
saved_bank:           equ 0xf065
buffer_size:          equ 0xf068
restore_bank:         equ 0xf06a
last_block_flag:      equ 0xf06b
current_bank:         equ 0xf06c
empty_bios:           equ 0xf063
source_pointer:       equ 0xf070
destination_pointer:  equ 0xf072
bytes_remaining:      equ 0xf074
interrupt_vec_master: equ 0xf080
interrupt_vec_slave:  equ 0xf0c0
interrupt_entry:      equ 0xf0fe
boot:                 equ 0xf101
wboot:                equ 0xf108
const:                equ 0xf10f
conin:                equ 0xf11b
conout:               equ 0xf122
list:                 equ 0xf129
punch:                equ 0xf130
reader:               equ 0xf137
home:                 equ 0xf13e
seldsk:               equ 0xf145
settrk:               equ 0xf14c
setsec:               equ 0xf153
setdma:               equ 0xf15a
read:                 equ 0xf161
write:                equ 0xf168
listst:               equ 0xf16f
sectrn:               equ 0xf176
userf:                equ 0xf17d
bios2:                equ 0xf191
bios2_return:         equ 0xf1d6
interrupt_handler:    equ 0xf26e
interrupt_return:     equ 0xf2a1
execute_banked_code:  equ 0xf2b5
execute_banked_ret:   equ 0xf2cd
execute_banked_code2: equ 0xf2d2
execute_banked_ret2:  equ 0xf2fc
init_banking_sp:      equ 0xf320
set_bank:             equ 0xf327
read_iobyte:          equ 0xf34f
write_iobyte:         equ 0xf362
read_dskbyte:         equ 0xf375
write_dskbyte:        equ 0xf388
bank_mapping:         equ 0xf33f
setup_banked_copy:    equ 0xf39b
copy_memblock:        equ 0xf3a5
non_banked_copy:      equ 0xf426
int_saved_areg:       equ 0xf429
interrupt_number:     equ 0xf42a
source_bank:          equ 0xf42b
destination_bank:     equ 0xf42c
banked_copy_flag:     equ 0xf42d
temp_bank:            equ 0xf42e
saved_hl:             equ 0xf42f
execute_bank_addr:    equ 0xf431
execute_bank_id:      equ 0xf433
saved_sp:             equ 0xf434
console_status_flag:  equ 0xf436
interrupt_saved_bank: equ 0xf438
paused_msg:           equ 0xf439
bios2_saved_sp:       equ 0xf490
interrupt_saved_sp:   equ 0xf492
banking_sp:           equ 0xf494
launch_ccp:           equ 0xf496
whitelisted_bank1:    equ 0xf4b6
whitelisted_bank2:    equ 0xf4b7
call_code_in_bank:    equ 0xf4b8
validate_bank_addr:   equ 0xf4d5
jump_to_code_in_bank: equ 0xf523
reset_msg:            equ 0xf534
interrupt_functions:  equ 0xf57c
install_bdos_hook:    equ 0xf5b4
saved_bdos_handler:   equ 0xf5c1
bdos_hook_saved_sp:   equ 0xf5c3
bdos_hook_return:     equ 0xf5e3
drive_mapping:        equ 0xf61f
lfloppy_functions:    equ 0xf63f
lfloppy_dph:          equ 0xf64b
rfloppy_functions:    equ 0xf65b
rfloppy_dph:          equ 0xf667
lfloppy_dd_dpb:       equ 0xf677
lfloppy_qd_dpb:       equ 0xf686
rfloppy_dd_dpb:       equ 0xf695
nec765_dd_param_tbl:  equ 0xf6a4
rfloppy_qd_dpb:       equ 0xf6b0
nec765_qd_param_tbl:  equ 0xf6bf
hdd1_functions:       equ 0xf6cb
hdd1_dph:             equ 0xf6d7
hdd2_functions:       equ 0xf6e7
hdd2_dph:             equ 0xf6f3
hdd_dpb:              equ 0xf703
mem_disk_init:        equ 0xf712
mem_disk_functions:   equ 0xf736
mem_disk_dph:         equ 0xf742
mem_disk_dpb:         equ 0xf752
mem_disk_alloc_vec:   equ 0xf761
bdos_hook1:           equ 0xf785
bdos_hook2:           equ 0xf795
bdos_func13_hook:     equ 0xf7a4
bdos_func13_saved_sp: equ 0xf7c9
bdos_func13_stack:    equ 0xf7d3
memcopy_buffer:       equ 0xf7dc
hdd1_alloc_vec:       equ 0xf92c
hdd2_alloc_vec:       equ 0xfa5d
hdd_sector_buffer:    equ 0xfb8e
mem_sector_buffer:    equ 0xfc0e
lfloppy_chksum_vec:   equ 0xfcf0
lfloppy_alloc_vec:    equ 0xfc8e
rfloppy_alloc_vec:    equ 0xfcbf
rfloppy_chksum_vec:   equ 0xfd30
floppy_sector_buffer: equ 0xff70

; BIOS 2
display_string:       equ 0x12ec
floppy_select:        equ 0x91dd
floppy_home:          equ 0x9234
floppy_read:          equ 0x9328
floppy_write:         equ 0x9358
hdd_select:           equ 0x9841
hdd_home:             equ 0x986a
hdd_read:             equ 0x987b
hdd_write:            equ 0x988d
mem_disk_select:      equ 0x9ae3
mem_disk_home:        equ 0x9ae4
mem_disk_read:        equ 0x9aec
mem_disk_write:       equ 0x9af2
cold_boot:            equ 0x9c0c
hdd_init:             equ 0x9f2b
