; Symbol file


; BIOS Symbols
bios_vector:          equ 0xf000
lf003h:               equ 0xf003
empty_bios:           equ 0xf05d
interrupt_vec_master: equ 0xf060
interrupt_vec_slave:  equ 0xf080
boot:                 equ 0xf0a0
wboot:                equ 0xf0a7
const:                equ 0xf0ae
conin:                equ 0xf0ce
conout:               equ 0xf0d5
list:                 equ 0xf119
punch:                equ 0xf120
reader:               equ 0xf127
home:                 equ 0xf12e
seldsk:               equ 0xf135
settrk:               equ 0xf13c
setsec:               equ 0xf143
setdma:               equ 0xf14a
read:                 equ 0xf151
write:                equ 0xf158
listst:               equ 0xf15f
sectrn:               equ 0xf166
qxfunc:               equ 0xf16d
bios2:                equ 0xf191
bios2_return:         equ 0xf1c5
sub_f1d8h:            equ 0xf1d8
interrupt_handler:    equ 0xf20c
interrupt_return:     equ 0xf23c
selbank:              equ 0xf24e
read_iobyte:          equ 0xf272
write_iobyte:         equ 0xf285
read_dskbyte:         equ 0xf298
write_dskbyte:        equ 0xf2ab
print_registers:      equ 0xf2be
word_to_ascii:        equ 0xf312
byte_to_ascii:        equ 0xf31b
sub_f344h:            equ 0xf344
sub_f34eh:            equ 0xf34e
current_bank:         equ 0xf45d
byte_to_ascii_done:   equ 0xf476

register_string:      equ 0xf477
af_value_str:         equ 0xf47d
bc_value_str:         equ 0xf485
de_value_str:         equ 0xf48d
hl_value_str:         equ 0xf495
pc_value_str:         equ 0xf49d
stack_c7:             equ 0xf4c7
stack_ed:             equ 0xf4ed


launch_ccp:           equ 0xf4f0
sub_f510h:            equ 0xf510
sub_f520h:            equ 0xf520
sub_f52fh:            equ 0xf52f

console_return:       equ 0xf577

drive_mapping:        equ 0xf583
lfloppy_functions:    equ 0xf5a3
lfloppy_dph:          equ 0xf5af
rfloppy_functions:    equ 0xf5bf
rfloppy_dph:          equ 0xf5cb

lfloppy_dpb:          equ 0xf5db
rfloppy_dpb:          equ 0xf5ea
nec765_param_table:   equ 0xf5f9
floppy_sector_buffer: equ 0xf605
lfloppy_chksum_vec:   equ 0xf685
rfloppy_chksum_vec:   equ 0xf6a5
lfloppy_alloc_vec:    equ 0xf6c5
rfloppy_alloc_vec:    equ 0xf6dd

hdd1_functions:       equ 0xf6f5
hdd1_dph:             equ 0xf701
hdd2_functions:       equ 0xf711
hdd2_dph:             equ 0xf71d

hdd_dpb:              equ 0xf731
hdd_sector_buffer:    equ 0xf740
hdd1_alloc_vec:       equ 0xf7c0
hdd2_alloc_vec:       equ 0xf8f1
mem_disk_init:        equ 0xfa22
mem_disk_functions:   equ 0xfa46
mem_disk_dph:         equ 0xfa52
mem_disk_dpb:         equ 0xfa62
mem_disk_alloc_vec:   equ 0xfa71
mem_sector_buffer:    equ 0xfa81
cseg_end:             equ 0xfb01

; BIOS2 Symbols
bios_vector_length:   equ 0x1660
bios2_vector:         equ 0x1662
interrupt_vector:     equ 0x1698
keyboard_int_handler: equ 0x16c8
serial_int_handler:   equ 0x16cb
sio_int_handler:      equ 0x1704 ; handles keyboard and serial port interrupts
keyboard_bios_handler: equ 0x172d
serial_bios_handler:  equ 0x174a
default_int_handler:  equ 0x18e7 ; Unexpected interrupt
clock_int_handler:    equ 0x2ec4
bios2_const:          equ 0x19c8
bios2_conin:          equ 0x19d6
bios2_conout:         equ 0x19e4
bios2_punch:          equ 0x19f2
bios2_reader:         equ 0x1a04
bios2_list:           equ 0x1a14
bios2_listst:         equ 0x1a24
bios2_seldsk:         equ 0x1a43
bios2_home:           equ 0x1a81
bios2_settrk:         equ 0x1a99
bios2_setsec:         equ 0x1a9e
bios2_sectrn:         equ 0x1aa3
bios2_setdma:         equ 0x1aa6
bios2_read:           equ 0x1aab
bios2_write:          equ 0x1ac5
disk_unit:            equ 0x1c1e
disk_number:          equ 0x1c1f
disk_track:           equ 0x1c20
disk_sector:          equ 0x1c22
disk_dma:             equ 0x1c24
bios2_boot:           equ 0x1c59
bios2_wboot:          equ 0x1d76
bios2_qxfunc:         equ 0x1e31
qxfunc_vector:        equ 0x1e4d
qxfunc_count:         equ 0x1ed9
floppy_drive_function: equ 0x1eda
disk_error_reporting: equ 0x1f7c
get_drvtbl_address:   equ 0x1f99
set_foreign_disk_fmt: equ 0x1f9d
get_sys_data_page:    equ 0x1fb2
update_sys_data_page: equ 0x1fc5
put_sys_data_page:    equ 0x2067
get_time:             equ 0x2076
put_time:             equ 0x2091
load_font:            equ 0x20aa
select_font:          equ 0x20bf
read_custom_font:     equ 0x20c6
write_custom_font:    equ 0x20d3
save_font_number:     equ 0x20fb
restore_font_number:  equ 0x2102
get_scan_code_tbl:    equ 0x2112
put_scan_code_tbl:    equ 0x2125
save_scan_code_tbl:   equ 0x2139
restore_scan_code_tbl: equ 0x214a
get_scan_character:   equ 0x215b
put_scan_character:   equ 0x2160
read_scan_code_tbl:   equ 0x2179
write_scan_code_tbl:  equ 0x2186
select_func_key_tbl:  equ 0x218a
save_func_key_tbl_ptr: equ 0x21a7
restore_func_key_tbl_ptr: equ 0x21b4
get_sel_func_key_tbl: equ 0x21c5
put_sel_func_key_tbl: equ 0x21d8
save_sel_func_key_tbl: equ 0x21ed
restore_sel_func_key_tbl: equ 0x21fe
get_function_key:     equ 0x2210
put_function_key:     equ 0x2223
disable_system_key:   equ 0x2254
enable_system_key:    equ 0x225a
read_custom_func_key_tbl:  equ 0x226b
write_custom_func_key_tbl: equ 0x2278
enable_keyboard_reset_at_wboot: equ 0x227c
perform_warm_boot:    equ 0x2283
request_memory_bank:  equ 0x2296
release_memory_bank:  equ 0x22d3
move_block_to_bank:   equ 0x231f
call_code_in_bank:    equ 0x2372
jump_to_code_in_bank: equ 0x23b1
display_ram_disk_overwrite: equ 0x23b9
set_viewport:         equ 0x23d9
set_user_int_vector:  equ 0x2453
clear_user_int_vector: equ 0x248a
get_int_mask:         equ 0x2494
enable_int:           equ 0x249f
disable_int:          equ 0x24c0
get_user_common_area: equ 0x24dd
attach_mterm_int:     equ 0x24e4
detach_mterm_int:     equ 0x24fc
qxfunc_notimpl:       equ 0x2505

sys_page_eyeball:     equ 0x2c48
sys_page_release:     equ 0x2c5d
sys_page_revision:    equ 0x2c5e
sys_page_err_recovery: equ 0x2c61
sys_page_err_diag:    equ 0x2c62
sys_page_clock:       equ 0x2c63
sys_page_crt_wrap:    equ 0x2c64
sys_page_cursor_blink: equ 0x2c65
sys_page_keyboard:    equ 0x2c66
sys_page_typamatic:   equ 0x2c67
sys_page_iobyte:      equ 0x2c68
sys_page_sio_baud:    equ 0x2c69
sys_page_sio_pro:     equ 0x2c6a
sys_page_sio_parity:  equ 0x2c6b
sys_page_sio_stop:    equ 0x2c6c
sys_page_sio_data:    equ 0x2c6d
sys_page_auto_boot:   equ 0x2c6e
sys_page_disp_mask:   equ 0x2c6f
sys_page_sio_mask:    equ 0x2c70
sys_page_shift_lock:  equ 0x2c71
sys_page_func_tbl:    equ 0x2c72
sys_page_ram_disk:    equ 0x2c73
sys_page_printer:     equ 0x2c74
sys_page_disk_format: equ 0x2c75
sys_page_video_type:  equ 0x2c76
sys_page_par_mask:    equ 0x2c77
sys_page_sio_int:     equ 0x2c78
sys_page_single_sheet: equ 0x2c79
sys_page_drv_assign:  equ 0x2c88
sys_page_cur_drv_assign: equ 0x2c98
sys_page_auto_len:    equ 0x2ca8
sys_page_auto_string: equ 0x2ca9
sys_page_valid:       equ 0x2cc7

serial_mterm_handler: equ 0x3392

print_string:         equ 0x3366
pixel_set_reset:      equ 0x4cef
floppy_home:          equ 0xb430
floppy_write:         equ 0xb45c
floppy_read:          equ 0xb442
flush_floppy_buffer:  equ 0xb5b3
floppy_select:        equ 0xb3dd
hdd_home:             equ 0xbb10
hdd_write:            equ 0xbb33
hdd_read:             equ 0xbb21
hdd_select:           equ 0xbaaf
hdd_init_drive:       equ 0xba93
hdd_write_sector:     equ 0xbc35
hdd_read_sector:      equ 0xbc5b
print_disk_error:     equ 0xbc81
setup_hdd_access:     equ 0xbcef
hdd_sector_buffer:    equ 0xbda1
mem_disk_home:        equ 0xbfa2
mem_disk_write:       equ 0xbfb0
mem_disk_read:        equ 0xbfaa
mem_disk_select:      equ 0xbfa1

